> Task :compileJava

BUILD SUCCESSFUL in 5s
1 actionable task: 1 executed
